// Jest Snapshot v1, https://goo.gl/fbAQLP

exports[`<RegisterScreen> should render Register screen 1`] = `
Array [
  <h3
    className="auth__title"
  >
    Register
  </h3>,
  <form
    className="animate__animated animate__fadeIn animate_faster"
    onSubmit={[Function]}
  >
    <input
      autoComplete="off"
      className="auth__input"
      name="name"
      onChange={[Function]}
      placeholder="Full Name"
      type="text"
      value=""
    />
    <input
      autoComplete="off"
      className="auth__input"
      name="email"
      onChange={[Function]}
      placeholder="Email"
      type="email"
      value=""
    />
    <input
      className="auth__input"
      name="password"
      onChange={[Function]}
      placeholder="Password"
      type="password"
      value=""
    />
    <input
      className="auth__input"
      name="confirmPassword"
      onChange={[Function]}
      placeholder="Confirm password"
      type="password"
      value=""
    />
    <button
      className="btn btn-primary btn-block mb-5"
      type="submit"
    >
      Register
    </button>
    <a
      className="link mt-5"
      href="/auth/login"
      onClick={[Function]}
    >
      Already register?
    </a>
  </form>,
]
`;
