// Jest Snapshot v1, https://goo.gl/fbAQLP

exports[`< NoteScreen/> should render component 1`] = `
<div
  className="notes__main-content  animate__animated animate__fadeIn animate_faster"
>
  <div
    className="notes__appbar"
  >
    <span>
      10 May 2022
    </span>
    <input
      className="notes__file"
      onChange={[Function]}
      type="file"
    />
    <div>
      <button
        className="btn"
        onClick={[Function]}
      >
        Picture
      </button>
      <button
        className="btn"
        onClick={[Function]}
      >
        Save
      </button>
    </div>
  </div>
  <div
    className="notes__content"
  >
    <input
      autoComplete="off"
      className="notes__title-input"
      name="title"
      onChange={[Function]}
      placeholder="Title"
      type="text"
      value=""
    />
    <textarea
      className="notes__textarea"
      name="body"
      onChange={[Function]}
      placeholder="Description"
      value=""
    />
  </div>
  <button
    className="btn btn-danger"
    onClick={[Function]}
  >
    Delete
  </button>
</div>
`;
