// Jest Snapshot v1, https://goo.gl/fbAQLP

exports[`<Sidebar /> should render component 1`] = `
<aside
  className="journal__sidebar"
>
  <div
    className="journal__sidebar-navbar"
  >
    <h3
      className="mt-5"
    >
      <i
        className="far fa-user"
      />
      <span>
         
        Lucas
         
      </span>
    </h3>
    <button
      className="btn"
      onClick={[Function]}
    >
      Logout
    </button>
  </div>
  <div
    className="journal__new-entry"
    onClick={[Function]}
  >
    <i
      className="fa fa-calendar-plus fa-5x"
    />
    <p
      className="mt-5"
    >
      New Entry
    </p>
  </div>
  <div
    className="journal__entries"
  />
</aside>
`;
